logic__576: 
datapath__30: 
case__90: 
MemoryWriteback: 
case__72: 
logic__113: 
case__58: 
logic__18: 
case__20: 
keep__6: 
case__70: 
keep__19: 
RAM: 
logic__315: 
datapath__23: 
logic__594: 
my_dff_en: 
logic__244: 
dsp48e1: 
TypeDetector: 
SignExtender_16: 
case__41: 
keep__15: 
logic__437: 
PWMDeserializer: 
case__9: 
logic__443: 
datapath__12: 
logic__318: 
shift_right: 
logic__334: 
logic__235: 
case__4: 
case__18: 
logic__44: 
keep__37: 
divControl: 
comparator_2: 
logic__92: 
Pulse: 
case__44: 
logic__80: 
keep__10: 
shift_left_1: 
case: 
comparator_8: 
AudioController: 
keep__26: 
counter_16: 
case__22: 
keep__20: 
mux_2: 
counter__5: 
datapath__9: 
case__17: 
case__49: 
case__62: 
keep__39: 
regfile: 
ButtonHandler: 
logic__89: 
reg__6: 
logic__59: 
MemoryControl: 
keep__25: 
logic__301: 
logic__308: 
keep__35: 
div: 
case__50: 
logic__245: 
case__84: 
datapath__31: 
case__31: 
datapath__11: 
case__43: 
keep__27: 
keep__21: 
logic__240: 
shift_right_2: 
counter__3: 
alu_op: 
logic__335: 
logic__241: 
datapath__48: 
datapath__15: 
datapath__29: 
logic__163: 
ClockDivider: 
logic__170: 
case__38: 
register_65: 
datapath__5: 
case__89: 
WritebackControl: 
datapath__6: 
keep__36: 
case__69: 
logic__252: 
logic__313: 
or_32: 
logic__68: 
logic__250: 
comparator_32: 
logic__122: 
logic__150: 
datapath__28: 
mux_2_1: 
logic__269: 
case__77: 
case__39: 
mux_2_5: 
datapath__21: 
logic__185: 
datapath__18: 
logic__655: 
logic__610: 
datapath__47: 
datapath__20: 
case__67: 
logic__4: 
logic__577: 
logic__288: 
Interlock: 
logic__618: 
logic__107: 
multdiv: 
keep__9: 
case__53: 
logic__444: 
datapath: 
logic__138: 
logic__270: 
case__54: 
keep__22: 
logic__8: 
muxpart__5: 
datapath__7: 
datapath__16: 
logic__322: 
logic__10: 
logic__194: 
logic__376: 
logic: 
logic__607: 
case__57: 
logic__1: 
register_32: 
logic__557: 
and_32: 
keep__41: 
ExecuteMemory: 
Wrapper: 
logic__433: 
keep__2: 
case__82: 
muxpart__2: 
mux_2_65: 
logic__630: 
logic__556: 
logic__585: 
counter__2: 
datapath__42: 
logic__272: 
logic__86: 
logic__20: 
logic__238: 
keep__14: 
logic__575: 
logic__622: 
mult: 
case__34: 
keep__34: 
tri_state32: 
logic__411: 
logic__249: 
logic__119: 
logic__110: 
logic__9: 
logic__258: 
logic__653: 
datapath__36: 
extram: 
logic__569: 
logic__62: 
logic__145: 
logic__53: 
logic__131: 
case__86: 
case__3: 
logic__125: 
muxpart__6: 
mux_4_5: 
case__60: 
reg__8: 
pla: 
PCControl: 
logic__253: 
case__5: 
datapath__24: 
logic__179: 
logic__445: 
datapath__2: 
case__7: 
datapath__37: 
FetchDecode: 
keep__12: 
case__55: 
case__64: 
RegToSegment: 
logic__331: 
keep__32: 
multControl: 
Bypass: 
logic__285: 
logic__286: 
logic__654: 
datapath__54: 
datapath__8: 
datapath__53: 
keep__1: 
logic__636: 
Timer: 
datapath__26: 
logic__98: 
logic__167: 
muxpart__3: 
logic__619: 
logic__271: 
logic__101: 
counter__6: 
muxpart__9: 
keep__23: 
logic__336: 
case__13: 
logic__47: 
logic__248: 
logic__545: 
logic__193: 
case__12: 
case__35: 
keep__11: 
case__76: 
keep__29: 
logic__426: 
logic__314: 
logic__2: 
datapath__13: 
case__61: 
datapath__43: 
logic__77: 
logic__38: 
logic__479: 
muxpart: 
datapath__22: 
case__52: 
case__16: 
case__80: 
ExecuteControl: 
datapath__38: 
logic__480: 
DecodeExecute: 
keep__40: 
case__79: 
shift_left_2: 
logic__71: 
shift_right_1: 
logic__574: 
logic__339: 
datapath__49: 
logic__247: 
logic__178: 
datapath__33: 
not_32: 
case__6: 
logic__246: 
keep__8: 
logic__151: 
logic__342: 
case__56: 
adder_8: 
logic__32: 
datapath__35: 
case__88: 
datapath__32: 
shift_left_8: 
case__65: 
logic__268: 
case__29: 
keep__30: 
keep__5: 
keep__7: 
counter_4: 
logic__302: 
specialCaseChecker: 
datapath__44: 
case__19: 
keep__4: 
decoder_32: 
logic__617: 
datapath__14: 
logic__255: 
PWMSerializer: 
datapath__27: 
case__36: 
resetDetection: 
alu: 
logic__236: 
logic__581: 
logic__606: 
logic__41: 
shift_left: 
reg__4: 
counter__1: 
reg: 
datapath__45: 
logic__631: 
logic__140: 
reg__2: 
case__10: 
keep__18: 
logic__609: 
datapath__40: 
full_adder: 
logic__29: 
mux_4_65: 
case__14: 
adder_32: 
logic__537: 
logic__56: 
datapath__34: 
reg__5: 
checkBits_32: 
logic__50: 
logic__198: 
datapath__50: 
shift_right_16: 
case__87: 
logic__529: 
case__11: 
cla_8: 
case__85: 
ROM: 
logic__154: 
logic__65: 
datapath__4: 
datapath__25: 
logic__432: 
DecodeControl: 
case__51: 
case__75: 
logic__632: 
keep__17: 
case__78: 
case__68: 
logic__239: 
logic__608: 
case__37: 
logic__429: 
logic__95: 
datapath__41: 
case__66: 
keep__24: 
logic__147: 
case__33: 
dffe_ref: 
mux_8: 
datapath__17: 
case__40: 
case__8: 
clock_enable: 
keep__31: 
logic__5: 
logic__128: 
logic__180: 
reg__1: 
logic__184: 
case__91: 
logic__613: 
logic__199: 
keep: 
keep__38: 
muxpart__4: 
logic__298: 
case__1: 
logic__410: 
case__46: 
reg__3: 
logic__257: 
keep__13: 
logic__233: 
logic__442: 
SwitchToSegment: 
logic__243: 
Debouncer: 
logic__146: 
logic__83: 
case__74: 
logic__116: 
cla_32: 
logic__307: 
case__45: 
logic__251: 
datapath__3: 
extrom: 
case__81: 
logic__604: 
datapath__19: 
logic__23: 
case__24: 
case__83: 
datapath__1: 
case__42: 
keep__16: 
case__73: 
datapath__51: 
logic__181: 
muxpart__8: 
logic__242: 
ProgramCounter: 
logic__605: 
logic__330: 
logic__641: 
logic__139: 
logic__254: 
case__71: 
logic__234: 
muxpart__1: 
counter__4: 
shift_left_4: 
datapath__10: 
case__63: 
logic__256: 
shift_right_4: 
keep__28: 
case__25: 
reg__7: 
muxpart__7: 
case__27: 
MultDivStall: 
counter_32: 
case__28: 
case__30: 
BCD: 
SegmentWrapper: 
logic__237: 
logic__35: 
processor: 
mux_4: 
logic__104: 
shift_right_8: 
case__48: 
logic__629: 
logic__420: 
counter: 
case__2: 
case__15: 
logic__570: 
case__32: 
keep__3: 
case__26: 
case__59: 
logic__74: 
case__21: 
keep__33: 
case__47: 
datapath__46: 
t_flip_flop: 
logic__267: 
logic__645: 
shift_left_16: 
datapath__52: 
case__23: 
Exception: 
datapath__39: 
logic__287: 
case__92: 
logic__438: 
